enum QType ['none', 'qnull', 'qint', 'qstring', 'qdict', 'qlist', 'qfloat', 'qbool']
    prefix QTYPE
command fooA q_obj_fooA-arg -> None
   gen=True success_response=True boxed=False
object q_empty
object q_obj_fooA-arg
    member bar1: str optional=False
