.............................
----------------------------------------------------------------------
Ran 29 tests

OK
