.....................................................................................
----------------------------------------------------------------------
Ran 85 tests

OK
